// Jest Snapshot v1, https://goo.gl/fbAQLP

exports[`renders homepage unchanged 1`] = `
<div>
  <button
    class="css-88zuw1-Box"
    type="button"
  >
    Test
  </button>
</div>
`;
